.loop-engineering/iterations/001/diff.patch:7: trailing whitespace.
+ 
.loop-engineering/iterations/001/eval.log:34: trailing whitespace.
++ 
.loop-engineering/iterations/001/gate-diff_check.log:2: trailing whitespace.
++ 
.loop-engineering/iterations/002/diff.patch:7: trailing whitespace.
+ 
.loop-engineering/iterations/002/diff.patch:24: trailing whitespace.
++ 
.loop-engineering/iterations/002/diff.patch:35: trailing whitespace.
+ 
.loop-engineering/iterations/002/diff.patch:41: trailing whitespace.
+ 
.loop-engineering/iterations/002/diff.patch:70: trailing whitespace.
+ 
.loop-engineering/iterations/002/diff.patch:75: trailing whitespace.
+ 
.loop-engineering/iterations/002/diff.patch:78: trailing whitespace.
+ 
.loop-engineering/iterations/002/diff.patch:83: trailing whitespace.
+++ 
.loop-engineering/iterations/002/diff.patch:114: trailing whitespace.
+ 
.loop-engineering/iterations/002/diff.patch:119: trailing whitespace.
+ 
.loop-engineering/iterations/002/diff.patch:127: trailing whitespace.
+++ 
.loop-engineering/iterations/002/diff.patch:140: trailing whitespace.
+ 
.loop-engineering/iterations/002/eval.log:34: trailing whitespace.
++ 
.loop-engineering/iterations/002/eval.log:36: trailing whitespace.
+++ 
.loop-engineering/iterations/002/eval.log:38: trailing whitespace.
+++ 
.loop-engineering/iterations/002/eval.log:40: trailing whitespace.
++ 
.loop-engineering/iterations/002/eval.log:42: trailing whitespace.
+++ 
.loop-engineering/iterations/002/eval.log:44: trailing whitespace.
++ 
.loop-engineering/iterations/002/eval.log:46: trailing whitespace.
++ 
.loop-engineering/iterations/002/eval.log:48: trailing whitespace.
++ 
.loop-engineering/iterations/002/eval.log:50: trailing whitespace.
++ 
.loop-engineering/iterations/002/eval.log:52: trailing whitespace.
++ 
.loop-engineering/iterations/002/eval.log:54: trailing whitespace.
++++ 
.loop-engineering/iterations/002/eval.log:56: trailing whitespace.
++ 
.loop-engineering/iterations/002/eval.log:58: trailing whitespace.
++ 
.loop-engineering/iterations/002/eval.log:60: trailing whitespace.
++++ 
.loop-engineering/iterations/002/eval.log:62: trailing whitespace.
++ 
.loop-engineering/iterations/002/gate-diff_check.log:2: trailing whitespace.
++ 
.loop-engineering/iterations/002/gate-diff_check.log:4: trailing whitespace.
+++ 
.loop-engineering/iterations/002/gate-diff_check.log:6: trailing whitespace.
+++ 
.loop-engineering/iterations/002/gate-diff_check.log:8: trailing whitespace.
++ 
.loop-engineering/iterations/002/gate-diff_check.log:10: trailing whitespace.
+++ 
.loop-engineering/iterations/002/gate-diff_check.log:12: trailing whitespace.
++ 
.loop-engineering/iterations/002/gate-diff_check.log:14: trailing whitespace.
++ 
.loop-engineering/iterations/002/gate-diff_check.log:16: trailing whitespace.
++ 
.loop-engineering/iterations/002/gate-diff_check.log:18: trailing whitespace.
++ 
.loop-engineering/iterations/002/gate-diff_check.log:20: trailing whitespace.
++ 
.loop-engineering/iterations/002/gate-diff_check.log:22: trailing whitespace.
++++ 
.loop-engineering/iterations/002/gate-diff_check.log:24: trailing whitespace.
++ 
.loop-engineering/iterations/002/gate-diff_check.log:26: trailing whitespace.
++ 
.loop-engineering/iterations/002/gate-diff_check.log:28: trailing whitespace.
++++ 
.loop-engineering/iterations/002/gate-diff_check.log:30: trailing whitespace.
++ 
.loop-engineering/iterations/003/diff.patch:7: trailing whitespace.
+ 
.loop-engineering/iterations/003/diff.patch:24: trailing whitespace.
++ 
.loop-engineering/iterations/003/diff.patch:35: trailing whitespace.
+ 
.loop-engineering/iterations/003/diff.patch:41: trailing whitespace.
+ 
.loop-engineering/iterations/003/diff.patch:70: trailing whitespace.
+ 
.loop-engineering/iterations/003/diff.patch:75: trailing whitespace.
+ 
.loop-engineering/iterations/003/diff.patch:78: trailing whitespace.
+ 
.loop-engineering/iterations/003/diff.patch:83: trailing whitespace.
+++ 
.loop-engineering/iterations/003/diff.patch:114: trailing whitespace.
+ 
.loop-engineering/iterations/003/diff.patch:119: trailing whitespace.
+ 
.loop-engineering/iterations/003/diff.patch:127: trailing whitespace.
+++ 
.loop-engineering/iterations/003/diff.patch:140: trailing whitespace.
+ 
.loop-engineering/iterations/003/diff.patch:159: trailing whitespace.
++ 
.loop-engineering/iterations/003/diff.patch:176: trailing whitespace.
+++ 
.loop-engineering/iterations/003/diff.patch:187: trailing whitespace.
++ 
.loop-engineering/iterations/003/diff.patch:193: trailing whitespace.
++ 
.loop-engineering/iterations/003/diff.patch:222: trailing whitespace.
++ 
.loop-engineering/iterations/003/diff.patch:227: trailing whitespace.
++ 
.loop-engineering/iterations/003/diff.patch:230: trailing whitespace.
++ 
.loop-engineering/iterations/003/diff.patch:235: trailing whitespace.
++++ 
.loop-engineering/iterations/003/diff.patch:266: trailing whitespace.
++ 
.loop-engineering/iterations/003/diff.patch:271: trailing whitespace.
++ 
.loop-engineering/iterations/003/diff.patch:279: trailing whitespace.
++++ 
.loop-engineering/iterations/003/diff.patch:292: trailing whitespace.
++ 
.loop-engineering/iterations/003/diff.patch:329: trailing whitespace.
+ 
.loop-engineering/iterations/003/diff.patch:335: trailing whitespace.
+ 
.loop-engineering/iterations/003/diff.patch:364: trailing whitespace.
+ 
.loop-engineering/iterations/003/diff.patch:369: trailing whitespace.
+ 
.loop-engineering/iterations/003/diff.patch:372: trailing whitespace.
+ 
.loop-engineering/iterations/003/diff.patch:377: trailing whitespace.
+++ 
.loop-engineering/iterations/003/diff.patch:379: trailing whitespace.
++++ 
.loop-engineering/iterations/003/diff.patch:381: trailing whitespace.
++++ 
.loop-engineering/iterations/003/diff.patch:383: trailing whitespace.
+++ 
.loop-engineering/iterations/003/diff.patch:385: trailing whitespace.
++++ 
.loop-engineering/iterations/003/diff.patch:387: trailing whitespace.
+++ 
.loop-engineering/iterations/003/diff.patch:389: trailing whitespace.
+++ 
.loop-engineering/iterations/003/diff.patch:391: trailing whitespace.
+++ 
.loop-engineering/iterations/003/diff.patch:393: trailing whitespace.
+++ 
.loop-engineering/iterations/003/diff.patch:395: trailing whitespace.
+++ 
.loop-engineering/iterations/003/diff.patch:397: trailing whitespace.
+++++ 
.loop-engineering/iterations/003/diff.patch:399: trailing whitespace.
+++ 
.loop-engineering/iterations/003/diff.patch:401: trailing whitespace.
+++ 
.loop-engineering/iterations/003/diff.patch:403: trailing whitespace.
+++++ 
.loop-engineering/iterations/003/diff.patch:405: trailing whitespace.
+++ 
.loop-engineering/iterations/003/diff.patch:436: trailing whitespace.
+ 
.loop-engineering/iterations/003/diff.patch:441: trailing whitespace.
+ 
.loop-engineering/iterations/003/diff.patch:449: trailing whitespace.
+++ 
.loop-engineering/iterations/003/diff.patch:451: trailing whitespace.
++++ 
.loop-engineering/iterations/003/diff.patch:453: trailing whitespace.
++++ 
.loop-engineering/iterations/003/diff.patch:455: trailing whitespace.
+++ 
.loop-engineering/iterations/003/diff.patch:457: trailing whitespace.
++++ 
.loop-engineering/iterations/003/diff.patch:459: trailing whitespace.
+++ 
.loop-engineering/iterations/003/diff.patch:461: trailing whitespace.
+++ 
.loop-engineering/iterations/003/diff.patch:463: trailing whitespace.
+++ 
.loop-engineering/iterations/003/diff.patch:465: trailing whitespace.
+++ 
.loop-engineering/iterations/003/diff.patch:467: trailing whitespace.
+++ 
.loop-engineering/iterations/003/diff.patch:469: trailing whitespace.
+++++ 
.loop-engineering/iterations/003/diff.patch:471: trailing whitespace.
+++ 
.loop-engineering/iterations/003/diff.patch:473: trailing whitespace.
+++ 
.loop-engineering/iterations/003/diff.patch:475: trailing whitespace.
+++++ 
.loop-engineering/iterations/003/diff.patch:477: trailing whitespace.
+++ 
.loop-engineering/iterations/003/diff.patch:490: trailing whitespace.
+ 
