.loop-engineering/iterations/001/diff.patch:7: trailing whitespace.
+ 
.loop-engineering/iterations/001/eval.log:34: trailing whitespace.
++ 
.loop-engineering/iterations/001/gate-diff_check.log:2: trailing whitespace.
++ 
.loop-engineering/iterations/002/diff.patch:7: trailing whitespace.
+ 
.loop-engineering/iterations/002/diff.patch:24: trailing whitespace.
++ 
.loop-engineering/iterations/002/diff.patch:35: trailing whitespace.
+ 
.loop-engineering/iterations/002/diff.patch:41: trailing whitespace.
+ 
.loop-engineering/iterations/002/diff.patch:70: trailing whitespace.
+ 
.loop-engineering/iterations/002/diff.patch:75: trailing whitespace.
+ 
.loop-engineering/iterations/002/diff.patch:78: trailing whitespace.
+ 
.loop-engineering/iterations/002/diff.patch:83: trailing whitespace.
+++ 
.loop-engineering/iterations/002/diff.patch:114: trailing whitespace.
+ 
.loop-engineering/iterations/002/diff.patch:119: trailing whitespace.
+ 
.loop-engineering/iterations/002/diff.patch:127: trailing whitespace.
+++ 
.loop-engineering/iterations/002/diff.patch:140: trailing whitespace.
+ 
